2026-01-04 23:06:14,178 - root - INFO - Logging to file: results/baseline_comparison/baseline_comparison_multiple_runs.log
2026-01-04 23:06:14,179 - baseline_comparison_multiple_runs - INFO - Logging to file: results/baseline_comparison/baseline_comparison_multiple_runs.log
2026-01-04 23:06:14,179 - baseline_comparison_multiple_runs - INFO - Starting 5 runs of baseline comparison...
2026-01-04 23:06:14,179 - timing - INFO - Started timing for baseline_comparison_multiple_runs (Memory: 26.9 MB)
2026-01-04 23:06:14,180 - baseline_comparison_multiple_runs - INFO - Initial memory usage: 26.89 MB
2026-01-04 23:06:14,180 - baseline_comparison_multiple_runs - INFO - ================================================================================
2026-01-04 23:06:14,180 - baseline_comparison_multiple_runs - INFO - Starting run 1/5 (in separate process)
2026-01-04 23:06:14,180 - baseline_comparison_multiple_runs - INFO - ================================================================================
2026-01-04 23:06:14,180 - baseline_comparison_multiple_runs - INFO - Main process memory before run 1: 26.89 MB
2026-01-04 23:44:44,708 - baseline_comparison_multiple_runs - INFO - Run 1/5 completed successfully in 2310.53 seconds
2026-01-04 23:44:44,710 - baseline_comparison_multiple_runs - INFO - Results loaded for run 1/5
2026-01-04 23:44:44,711 - baseline_comparison_multiple_runs - INFO - Main process memory after run 1: 27.02 MB (delta: 0.12 MB)
2026-01-04 23:44:46,713 - baseline_comparison_multiple_runs - INFO - ================================================================================
2026-01-04 23:44:46,713 - baseline_comparison_multiple_runs - INFO - Starting run 2/5 (in separate process)
2026-01-04 23:44:46,713 - baseline_comparison_multiple_runs - INFO - ================================================================================
2026-01-04 23:44:46,713 - baseline_comparison_multiple_runs - INFO - Main process memory before run 2: 27.02 MB
2026-01-05 00:20:33,453 - baseline_comparison_multiple_runs - INFO - Run 2/5 completed successfully in 2146.74 seconds
2026-01-05 00:20:33,454 - baseline_comparison_multiple_runs - INFO - Results loaded for run 2/5
2026-01-05 00:20:33,455 - baseline_comparison_multiple_runs - INFO - Main process memory after run 2: 27.14 MB (delta: 0.12 MB)
2026-01-05 00:20:35,457 - baseline_comparison_multiple_runs - INFO - ================================================================================
2026-01-05 00:20:35,457 - baseline_comparison_multiple_runs - INFO - Starting run 3/5 (in separate process)
2026-01-05 00:20:35,457 - baseline_comparison_multiple_runs - INFO - ================================================================================
2026-01-05 00:20:35,457 - baseline_comparison_multiple_runs - INFO - Main process memory before run 3: 27.14 MB
2026-01-05 00:56:25,410 - baseline_comparison_multiple_runs - INFO - Run 3/5 completed successfully in 2149.95 seconds
2026-01-05 00:56:25,413 - baseline_comparison_multiple_runs - INFO - Results loaded for run 3/5
2026-01-05 00:56:25,413 - baseline_comparison_multiple_runs - INFO - Main process memory after run 3: 27.14 MB (delta: 0.00 MB)
2026-01-05 00:56:27,416 - baseline_comparison_multiple_runs - INFO - ================================================================================
2026-01-05 00:56:27,416 - baseline_comparison_multiple_runs - INFO - Starting run 4/5 (in separate process)
2026-01-05 00:56:27,416 - baseline_comparison_multiple_runs - INFO - ================================================================================
2026-01-05 00:56:27,416 - baseline_comparison_multiple_runs - INFO - Main process memory before run 4: 27.14 MB
2026-01-05 01:32:27,185 - baseline_comparison_multiple_runs - INFO - Run 4/5 completed successfully in 2159.77 seconds
2026-01-05 01:32:27,186 - baseline_comparison_multiple_runs - INFO - Results loaded for run 4/5
2026-01-05 01:32:27,187 - baseline_comparison_multiple_runs - INFO - Main process memory after run 4: 27.27 MB (delta: 0.12 MB)
2026-01-05 01:32:29,189 - baseline_comparison_multiple_runs - INFO - ================================================================================
2026-01-05 01:32:29,189 - baseline_comparison_multiple_runs - INFO - Starting run 5/5 (in separate process)
2026-01-05 01:32:29,189 - baseline_comparison_multiple_runs - INFO - ================================================================================
2026-01-05 01:32:29,190 - baseline_comparison_multiple_runs - INFO - Main process memory before run 5: 27.27 MB
2026-01-05 02:08:11,483 - baseline_comparison_multiple_runs - INFO - Run 5/5 completed successfully in 2142.29 seconds
2026-01-05 02:08:11,484 - baseline_comparison_multiple_runs - INFO - Results loaded for run 5/5
2026-01-05 02:08:11,485 - baseline_comparison_multiple_runs - INFO - Main process memory after run 5: 27.39 MB (delta: 0.12 MB)
2026-01-05 02:08:11,486 - timing - INFO - Stopped timing for baseline_comparison_multiple_runs (Memory: 27.4 MB, Delta: 0.5 MB)
2026-01-05 02:08:11,486 - baseline_comparison_multiple_runs - INFO - ================================================================================
2026-01-05 02:08:11,486 - baseline_comparison_multiple_runs - INFO - Aggregating results across 5 successful runs...
2026-01-05 02:08:11,486 - baseline_comparison_multiple_runs - INFO - ================================================================================
2026-01-05 02:08:11,505 - baseline_comparison_multiple_runs - INFO - Aggregated results saved to results/baseline_comparison/baseline_comparison_results_aggregated.json
2026-01-05 02:08:11,517 - baseline_comparison_multiple_runs - INFO - Individual run results saved to results/baseline_comparison/baseline_comparison_results_individual_runs.json
2026-01-05 02:08:11,518 - timing - INFO - Saved timing report (JSON) to results/baseline_comparison/baseline-comparison-multiple-runs_timing.json
2026-01-05 02:08:11,519 - timing - INFO - Saved timing report (Markdown) to results/baseline_comparison/baseline-comparison-multiple-runs_timing.md
2026-01-05 02:08:11,519 - baseline_comparison_multiple_runs - INFO - ================================================================================
2026-01-05 02:08:11,519 - baseline_comparison_multiple_runs - INFO - Multiple runs completed successfully!
2026-01-05 02:08:11,519 - baseline_comparison_multiple_runs - INFO -   Successful runs: 5/5
2026-01-05 02:08:11,519 - baseline_comparison_multiple_runs - INFO -   Aggregated results: results/baseline_comparison/baseline_comparison_results_aggregated.json
2026-01-05 02:08:11,519 - baseline_comparison_multiple_runs - INFO -   Individual runs backup: results/baseline_comparison/baseline_comparison_results_individual_runs.json
2026-01-05 02:08:11,520 - baseline_comparison_multiple_runs - INFO - ================================================================================
